.CODE
PUSH simple_heap_init
CALL
PUSH Init_main
CALL
HALT
simple_heap_init: RET 0 ; Retorna inmediatamente

simple_malloc: LOADFP

LOADSP
STOREFP
LOADHL
DUP
PUSH 1
ADD
STORE 4
LOAD 3
ADD
STOREHL
STOREFP
RET 1
; Clase Object
Object_debugPrint:
LOADFP
LOADSP
STOREFP
LOAD 3
IPRINT
STOREFP
RET 1
; Clase System
System_read:
LOADFP
LOADSP
STOREFP
READ
STORE 3
STOREFP
RET 0
System_printB:
LOADFP
LOADSP
STOREFP
LOAD 3
BPRINT
STOREFP
RET 1
System_printC:
LOADFP
LOADSP
STOREFP
LOAD 3
CPRINT
STOREFP
RET 1
System_printI:
LOADFP
LOADSP
STOREFP
LOAD 3
IPRINT
STOREFP
RET 1
System_printS:
LOADFP
LOADSP
STOREFP
LOAD 3
SPRINT
STOREFP
RET 1
System_println:
LOADFP
LOADSP
STOREFP
PRNLN
STOREFP
RET 0
System_printBln:
LOADFP
LOADSP
STOREFP
LOAD 3
BPRINT
PRNLN
STOREFP
RET 1
System_printCln:
LOADFP
LOADSP
STOREFP
LOAD 3
CPRINT
PRNLN
STOREFP
RET 1
System_printIln:
LOADFP
LOADSP
STOREFP
LOAD 3
IPRINT
PRNLN
STOREFP
RET 1
System_printSln:
LOADFP
LOADSP
STOREFP
LOAD 3
SPRINT
PRNLN
STOREFP
RET 1
.DATA
VT_A: NOP ; Clase sin metodos dinamicos

.CODE
.CODE
CONSTRUCTOR_A:
LOADFP
LOADSP
STOREFP
STOREFP
RET 1

.CODE
A_mc: NOP ; Inicio método mc
LOADFP    ; Cargo FP actual
LOADSP    ; Cargo SP actual
STOREFP   ; Actualizo FP para nuevo RA
PUSH 1234
LOAD 3
LOAD 3
LOADREF 0
LOADREF 2
CALL
PUSH 33
LOAD 3
LOAD 3
LOADREF 0
LOADREF 2
CALL
STOREFP   ; Restaura FP anterior
RET 0
; Fin del metodomc

.DATA
VT_Init: NOP ; Clase sin metodos dinamicos

.CODE
.CODE
CONSTRUCTOR_Init:
LOADFP
LOADSP
STOREFP
STOREFP
RET 1

.CODE
Init_main: NOP ; Inicio método main
LOADFP    ; Cargo FP actual
LOADSP    ; Cargo SP actual
STOREFP   ; Actualizo FP para nuevo RA
RMEM 1 ; Reserva memoria para la variable local a
RMEM 1 ; Reservo espacio
PUSH 3
PUSH simple_malloc
CALL
DUP
PUSH VT_Init ; Cargo la vtable de la clase
STOREREF 0 ; Almaceno la vtable en la instancia
DUP
PUSH CONSTRUCTOR_A ; Direccion del constructor
CALL 
STORE -1 ; Almacena el valor de la expresion
STOREFP   ; Restaura FP anterior
RET 0
; Fin del metodomain

